ESP-ROM:esp32s3-20210327
ESP-ROM:esp32s3-20210327
Build:Mar 27 2021
rst:0x1 (POWERON),boot:0xb (SPI_FAST_FLASH_BOOT)
SPIWP:0xee
mode:DIO, clock div:1
load:0x3fce2810,len:0x1870
load:0x403c8700,len:0x4
load:0x403c8704,len:0xce8
load:0x403cb700,len:0x2ed8
entry 0x403c8918
[0;32mI (27) boot: ESP-IDF v5.3.2 2nd stage bootloader[0m
[0;32mI (27) boot: compile time Jul 25 2025 20:09:47[0m
[0;32mI (27) boot: Multicore bootloader[0m
[0;32mI (30) boot: chip revision: v0.2[0m
[0;32mI (34) boot: efuse block revision: v1.3[0m
[0;32mI (38) boot.esp32s3: Boot SPI Speed : 80MHz[0m
[0;32mI (43) boot.esp32s3: SPI Mode       : DIO[0m
[0;32mI (48) boot.esp32s3: SPI Flash Size : 2MB[0m
[0;32mI (52) boot: Enabling RNG early entropy source...[0m
[0;32mI (58) boot: Partition Table:[0m
[0;32mI (61) boot: ## Label            Usage          Type ST Offset   Length[0m
[0;32mI (69) boot:  0 nvs              WiFi data        01 02 00009000 00006000[0m
[0;32mI (76) boot:  1 phy_init         RF data          01 01 0000f000 00001000[0m
[0;32mI (84) boot:  2 factory          factory app      00 00 00010000 00100000[0m
[0;32mI (91) boot: End of partition table[0m
[0;32mI (95) esp_image: segment 0: paddr=00010020 vaddr=3c090020 size=19830h (104496) map[0m
[0;32mI (122) esp_image: segment 1: paddr=00029858 vaddr=3fc99c00 size=0497ch ( 18812) load[0m
[0;32mI (126) esp_image: segment 2: paddr=0002e1dc vaddr=40374000 size=01e3ch (  7740) load[0m
[0;32mI (130) esp_image: segment 3: paddr=00030020 vaddr=42000020 size=81608h (529928) map[0m
[0;32mI (230) esp_image: segment 4: paddr=000b1630 vaddr=40375e3c size=13cc0h ( 81088) load[0m
[0;32mI (257) boot: Loaded app from partition at offset 0x10000[0m
[0;32mI (257) boot: Disabling RNG early entropy source...[0m
[0;32mI (269) cpu_start: Multicore app[0m
[0;32mI (278) cpu_start: Pro cpu start user code[0m
[0;32mI (278) cpu_start: cpu freq: 160000000 Hz[0m
[0;32mI (278) app_init: Application information:[0m
[0;32mI (281) app_init: Project name:     aliot_mqtt[0m
[0;32mI (286) app_init: App version:      1[0m
[0;32mI (290) app_init: Compile time:     Jul 25 2025 20:08:48[0m
[0;32mI (296) app_init: ELF file SHA256:  54a7a37a3...[0m
[0;32mI (302) app_init: ESP-IDF:          v5.3.2[0m
[0;32mI (306) efuse_init: Min chip rev:     v0.0[0m
[0;32mI (311) efuse_init: Max chip rev:     v0.99 [0m
[0;32mI (316) efuse_init: Chip rev:         v0.2[0m
[0;32mI (321) heap_init: Initializing. RAM available for dynamic allocation:[0m
[0;32mI (328) heap_init: At 3FCA21A8 len 00047568 (285 KiB): RAM[0m
[0;32mI (334) heap_init: At 3FCE9710 len 00005724 (21 KiB): RAM[0m
[0;32mI (340) heap_init: At 3FCF0000 len 00008000 (32 KiB): DRAM[0m
[0;32mI (346) heap_init: At 600FE100 len 00001EE8 (7 KiB): RTCRAM[0m
[0;32mI (354) spi_flash: detected chip: generic[0m
[0;32mI (357) spi_flash: flash io: dio[0m
[0;33mW (361) spi_flash: Detected size(16384k) larger than the size in the binary image header(2048k). Using the size in the binary image header.[0m
[0;32mI (375) sleep: Configure to isolate all GPIO pins in sleep state[0m
[0;32mI (381) sleep: Enable automatic switching of GPIO sleep configuration[0m
[0;32mI (389) main_task: Started on CPU0[0m
[0;32mI (409) main_task: Calling app_main()[0m
[0;32mI (429) pp: pp rom version: e7ae62f[0m
[0;32mI (429) net80211: net80211 rom version: e7ae62f[0m
[0;32mI (439) wifi:wifi driver task: 3fcac530, prio:23, stack:6656, core=0[0m
[0;32mI (449) wifi:wifi firmware version: b0fd6006b[0m
[0;32mI (449) wifi:wifi certification version: v7.0[0m
[0;32mI (449) wifi:config NVS flash: enabled[0m
[0;32mI (449) wifi:config nano formating: disabled[0m
[0;32mI (449) wifi:Init data frame dynamic rx buffer num: 32[0m
[0;32mI (459) wifi:Init static rx mgmt buffer num: 5[0m
[0;32mI (459) wifi:Init management short buffer num: 32[0m
[0;32mI (459) wifi:Init dynamic tx buffer num: 32[0m
[0;32mI (469) wifi:Init static tx FG buffer num: 2[0m
[0;32mI (469) wifi:Init static rx buffer size: 1600[0m
[0;32mI (479) wifi:Init static rx buffer num: 10[0m
[0;32mI (479) wifi:Init dynamic rx buffer num: 32[0m
[0;32mI (479) wifi_init: rx ba win: 6[0m
[0;32mI (489) wifi_init: accept mbox: 6[0m
[0;32mI (489) wifi_init: tcpip mbox: 32[0m
[0;32mI (499) wifi_init: udp mbox: 6[0m
[0;32mI (499) wifi_init: tcp mbox: 6[0m
[0;32mI (499) wifi_init: tcp tx win: 5760[0m
[0;32mI (509) wifi_init: tcp rx win: 5760[0m
[0;32mI (509) wifi_init: tcp mss: 1440[0m
[0;32mI (519) wifi_init: WiFi IRAM OP enabled[0m
[0;32mI (519) wifi_init: WiFi RX IRAM OP enabled[0m

assert failed: esp_event_handler_register_with_internal esp_event.c:691 (event_handler)


Backtrace: 0x40375b6a:0x3fca5ae0 0x4037c561:0x3fca5b00 0x403848dd:0x3fca5b20 0x4207e1b2:0x3fca5c40 0x4207e2ce:0x3fca5c80 0x4207d535:0x3fca5cb0 0x4200988a:0x3fca5cd0 0x4200979b:0x3fca5e90 0x4208070f:0x3fca5eb0 0x4037d0ad:0x3fca5ee0




ELF file SHA256: 54a7a37a3

Rebooting...
ï¿½ï¿½ï¿½ESP-ROM:esp32s3-20210327
Build:Mar 27 2021
rst:0xc (RTC_SW_CPU_RST),boot:0xb (SPI_FAST_FLASH_BOOT)
Saved PC:0x40375aa4
SPIWP:0xee
mode:DIO, clock div:1
load:0x3fce2810,len:0x1870
load:0x403c8700,len:0x4
load:0x403c8704,len:0xce8
load:0x403cb700,len:0x2ed8
entry 0x403c8918
[0;32mI (31) boot: ESP-IDF v5.3.2 2nd stage bootloader[0m
[0;32mI (31) boot: compile time Jul 25 2025 20:09:47[0m
[0;32mI (31) boot: Multicore bootloader[0m
[0;32mI (34) boot: chip revision: v0.2[0m
[0;32mI (38) boot: efuse block revision: v1.3[0m
[0;32mI (43) boot.esp32s3: Boot SPI Speed : 80MHz[0m
[0;32mI (47) boot.esp32s3: SPI Mode       : DIO[0m
[0;32mI (52) boot.esp32s3: SPI Flash Size : 2MB[0m
[0;32mI (57) boot: Enabling RNG early entropy source...[0m
[0;32mI (62) boot: Partition Table:[0m
[0;32mI (66) boot: ## Label            Usage          Type ST Offset   Length[0m
[0;32mI (73) boot:  0 nvs              WiFi data        01 02 00009000 00006000[0m
[0;32mI (81) boot:  1 phy_init         RF data          01 01 0000f000 00001000[0m
[0;32mI (88) boot:  2 factory          factory app      00 00 00010000 00100000[0m
[0;32mI (96) boot: End of partition table[0m
[0;32mI (100) esp_image: segment 0: paddr=00010020 vaddr=3c090020 size=19830h (104496) map[0m
[0;32mI (127) esp_image: segment 1: paddr=00029858 vaddr=3fc99c00 size=0497ch ( 18812) load[0m
[0;32mI (131) esp_image: segment 2: paddr=0002e1dc vaddr=40374000 size=01e3ch (  7740) load[0m
[0;32mI (134) esp_image: segment 3: paddr=00030020 vaddr=42000020 size=81608h (529928) map[0m
[0;32mI (234) esp_image: segment 4: paddr=000b1630 vaddr=40375e3c size=13cc0h ( 81088) load[0m
[0;32mI (261) boot: Loaded app from partition at offset 0x10000[0m
[0;32mI (261) boot: Disabling RNG early entropy source...[0m
[0;32mI (273) cpu_start: Multicore app[0m
[0;32mI (282) cpu_start: Pro cpu start user code[0m
[0;32mI (282) cpu_start: cpu freq: 160000000 Hz[0m
[0;32mI (282) app_init: Application information:[0m
[0;32mI (285) app_init: Project name:     aliot_mqtt[0m
[0;32mI (290) app_init: App version:      1[0m
[0;32mI (295) app_init: Compile time:     Jul 25 2025 20:08:48[0m
[0;32mI (301) app_init: ELF file SHA256:  54a7a37a3...[0m
[0;32mI (306) app_init: ESP-IDF:          v5.3.2[0m
[0;32mI (311) efuse_init: Min chip rev:     v0.0[0m
[0;32mI (316) efuse_init: Max chip rev:     v0.99 [0m
[0;32mI (321) efuse_init: Chip rev:         v0.2[0m
[0;32mI (325) heap_init: Initializing. RAM available for dynamic allocation:[0m
[0;32mI (333) heap_init: At 3FCA21A8 len 00047568 (285 KiB): RAM[0m
[0;32mI (339) heap_init: At 3FCE9710 len 00005724 (21 KiB): RAM[0m
[0;32mI (345) heap_init: At 3FCF0000 len 00008000 (32 KiB): DRAM[0m
[0;32mI (351) heap_init: At 600FE100 len 00001EE8 (7 KiB): RTCRAM[0m
[0;32mI (358) spi_flash: detected chip: generic[0m
[0;32mI (362) spi_flash: flash io: dio[0m
[0;33mW (366) spi_flash: Detected size(16384k) larger than the size in the binary image header(2048k). Using the size in the binary image header.[0m
[0;32mI (379) sleep: Configure to isolate all GPIO pins in sleep state[0m
[0;32mI (386) sleep: Enable automatic switching of GPIO sleep configuration[0m
[0;32mI (393) main_task: Started on CPU0[0m
[0;32mI (413) main_task: Calling app_main()[0m
[0;32mI (433) pp: pp rom version: e7ae62f[0m
[0;32mI (433) net80211: net80211 rom version: e7ae62f[0m
[0;32mI (443) wifi:wifi driver task: 3fcac530, prio:23, stack:6656, core=0[0m
[0;32mI (453) wifi:wifi firmware version: b0fd6006b[0m
[0;32mI (453) wifi:wifi certification version: v7.0[0m
[0;32mI (453) wifi:config NVS flash: enabled[0m
[0;32mI (453) wifi:config nano formating: disabled[0m
[0;32mI (453) wifi:Init data frame dynamic rx buffer num: 32[0m
[0;32mI (463) wifi:Init static rx mgmt buffer num: 5[0m
[0;32mI (463) wifi:Init management short buffer num: 32[0m
[0;32mI (463) wifi:Init dynamic tx buffer num: 32[0m
[0;32mI (473) wifi:Init static tx FG buffer num: 2[0m
[0;32mI (473) wifi:Init static rx buffer size: 1600[0m
[0;32mI (483) wifi:Init static rx buffer num: 10[0m
[0;32mI (483) wifi:Init dynamic rx buffer num: 32[0m
[0;32mI (483) wifi_init: rx ba win: 6[0m
[0;32mI (493) wifi_init: accept mbox: 6[0m
[0;32mI (493) wifi_init: tcpip mbox: 32[0m
[0;32mI (503) wifi_init: udp mbox: 6[0m
[0;32mI (503) wifi_init: tcp mbox: 6[0m
[0;32mI (503) wifi_init: tcp tx win: 5760[0m
[0;32mI (513) wifi_init: tcp rx win: 5760[0m
[0;32mI (513) wifi_init: tcp mss: 1440[0m
[0;32mI (523) wifi_init: WiFi IRAM OP enabled[0m
[0;32mI (523) wifi_init: WiFi RX IRAM OP enabled[0m

assert failed: esp_event_handler_register_with_internal esp_event.c:691 (event_handler)


Backtrace: 0x40375b6a:0x3fca5ae0 0x4037c561:0x3fca5b00 0x403848dd:0x3fca5b20 0x4207e1b2:0x3fca5c40 0x4207e2ce:0x3fca5c80 0x4207d535:0x3fca5cb0 0x4200988a:0x3fca5cd0 0x4200979b:0x3fca5e90 0x4208070f:0x3fca5eb0 0x4037d0ad:0x3fca5ee0




ELF file SHA256: 54a7a37a3

Rebooting...
ESP-ROM:esp32s3-20210327
Build:Mar 27 2021
rst:0xc (RTC_SW_CPU_RST),boot:0xb (SPI_FAST_FLASH_BOOT)
Saved PC:0x40375aa4
SPIWP:0xee
mode:DIO, clock div:1
load:0x3fce2810,len:0x1870
load:0x403c8700,len:0x4
load:0x403c8704,len:0xce8
load:0x403cb700,len:0x2ed8
entry 0x403c8918
[0;32mI (31) boot: ESP-IDF v5.3.2 2nd stage bootloader[0m
[0;32mI (31) boot: compile time Jul 25 2025 20:09:47[0m
[0;32mI (31) boot: Multicore bootloader[0m
[0;32mI (34) boot: chip revision: v0.2[0m
[0;32mI (38) boot: efuse block revision: v1.3[0m
[0;32mI (43) boot.esp32s3: Boot SPI Speed : 80MHz[0m
[0;32mI (47) boot.esp32s3: SPI Mode       : DIO[0m
[0;32mI (52) boot.esp32s3: SPI Flash Size : 2MB[0m
[0;32mI (57) boot: Enabling RNG early entropy source...[0m
[0;32mI (62) boot: Partition Table:[0m
[0;32mI (66) boot: ## Label            Usage          Type ST Offset   Length[0m
[0;32mI (73) boot:  0 nvs              WiFi data        01 02 00009000 00006000[0m
[0;32mI (81) boot:  1 phy_init         RF data          01 01 0000f000 00001000[0m
[0;32mI (88) boot:  2 factory          factory app      00 00 00010000 00100000[0m
[0;32mI (96) boot: End of partition table[0m
[0;32mI (100) esp_image: segment 0: paddr=00010020 vaddr=3c090020 size=19830h (104496) map[0m
[0;32mI (127) esp_image: segment 1: paddr=00029858 vaddr=3fc99c00 size=0497ch ( 18812) load[0m
[0;32mI (131) esp_image: segment 2: paddr=0002e1dc vaddr=40374000 size=01e3ch (  7740) load[0m
[0;32mI (134) esp_image: segment 3: paddr=00030020 vaddr=42000020 size=81608h (529928) map[0m
[0;32mI (234) esp_image: segment 4: paddr=000b1630 vaddr=40375e3c size=13cc0h ( 81088) load[0m
[0;32mI (261) boot: Loaded app from partition at offset 0x10000[0m
[0;32mI (261) boot: Disabling RNG early entropy source...[0m
[0;32mI (273) cpu_start: Multicore app[0m
[0;32mI (282) cpu_start: Pro cpu start user code[0m
[0;32mI (282) cpu_start: cpu freq: 160000000 Hz[0m
[0;32mI (282) app_init: Application information:[0m
[0;32mI (285) app_init: Project name:     aliot_mqtt[0m
[0;32mI (290) app_init: App version:      1[0m
[0;32mI (295) app_init: Compile time:     Jul 25 2025 20:08:48[0m
[0;32mI (301) app_init: ELF file SHA256:  54a7a37a3...[0m
[0;32mI (306) app_init: ESP-IDF:          v5.3.2[0m
[0;32mI (311) efuse_init: Min chip rev:     v0.0[0m
[0;32mI (316) efuse_init: Max chip rev:     v0.99 [0m
[0;32mI (321) efuse_init: Chip rev:         v0.2[0m
[0;32mI (325) heap_init: Initializing. RAM available for dynamic allocation:[0m
[0;32mI (333) heap_init: At 3FCA21A8 len 00047568 (285 KiB): RAM[0m
[0;32mI (339) heap_init: At 3FCE9710 len 00005724 (21 KiB): RAM[0m
[0;32mI (345) heap_init: At 3FCF0000 len 00008000 (32 KiB): DRAM[0m
[0;32mI (351) heap_init: At 600FE100 len 00001EE8 (7 KiB): RTCRAM[0m
[0;32mI (358) spi_flash: detected chip: generic[0m
[0;32mI (362) spi_flash: flash io: dio[0m
[0;33mW (366) spi_flash: Detected size(16384k) larger than the size in the binary image header(2048k). Using the size in the binary image header.[0m
[0;32mI (379) sleep: Configure to isolate all GPIO pins in sleep state[0m
[0;32mI (386) sleep: Enable automatic switching of GPIO sleep configuration[0m
[0;32mI (393) main_task: Started on CPU0[0m
[0;32mI (413) main_task: Calling app_main()[0m
[0;32mI (433) pp: pp rom version: e7ae62f[0m
[0;32mI (433) net80211: net80211 rom version: e7ae62f[0m
[0;32mI (443) wifi:wifi driver task: 3fcac530, prio:23, stack:6656, core=0[0m
[0;32mI (453) wifi:wifi firmware version: b0fd6006b[0m
[0;32mI (453) wifi:wifi certification version: v7.0[0m
[0;32mI (453) wifi:config NVS flash: enabled[0m
[0;32mI (453) wifi:config nano formating: disabled[0m
[0;32mI (453) wifi:Init data frame dynamic rx buffer num: 32[0m
[0;32mI (463) wifi:Init static rx mgmt buffer num: 5[0m
[0;32mI (463) wifi:Init management short buffer num: 32[0m
[0;32mI (463) wifi:Init dynamic tx buffer num: 32[0m
[0;32mI (473) wifi:Init static tx FG buffer num: 2[0m
[0;32mI (473) wifi:Init static rx buffer size: 1600[0m
[0;32mI (483) wifi:Init static rx buffer num: 10[0m
[0;32mI (483) wifi:Init dynamic rx buffer num: 32[0m
[0;32mI (483) wifi_init: rx ba win: 6[0m
[0;32mI (493) wifi_init: accept mbox: 6[0m
[0;32mI (493) wifi_init: tcpip mbox: 32[0m
[0;32mI (503) wifi_init: udp mbox: 6[0m
[0;32mI (503) wifi_init: tcp mbox: 6[0m
[0;32mI (503) wifi_init: tcp tx win: 5760[0m
[0;32mI (513) wifi_init: tcp rx win: 5760[0m
[0;32mI (513) wifi_init: tcp mss: 1440[0m
[0;32mI (523) wifi_init: WiFi IRAM OP enabled[0m
[0;32mI (523) wifi_init: WiFi RX IRAM OP enabled[0m

assert failed: esp_event_handler_register_with_internal esp_event.c:691 (event_handler)


Backtrace: 0x40375b6a:0x3fca5ae0 0x4037c561:0x3fca5b00 0x403848dd:0x3fca5b20 0x4207e1b2:0x3fca5c40 0x4207e2ce:0x3fca5c80 0x4207d535:0x3fca5cb0 0x4200988a:0x3fca5cd0 0x4200979b:0x3fca5e90 0x4208070f:0x3fca5eb0 0x4037d0ad:0x3fca5ee0




ELF file SHA256: 54a7a37a3

Rebooting...
ESP-ROM:esp32s3-20210327
Build:Mar 27 2021
rst:0xc (RTC_SW_CPU_RST),boot:0xb (SPI_FAST_FLASH_BOOT)
Saved PC:0x40375aa4
SPIWP:0xee
mode:DIO, clock div:1
load:0x3fce2810,len:0x1870
load:0x403c8700,len:0x4
load:0x403c8704,len:0xce8
load:0x403cb700,len:0x2ed8
entry 0x403c8918
[0;32mI (31) boot: ESP-IDF v5.3.2 2nd stage bootloader[0m
[0;32mI (31) boot: compile time Jul 25 2025 20:09:47[0m
[0;32mI (31) boot: Multicore bootloader[0m
[0;32mI (34) boot: chip revision: v0.2[0m
[0;32mI (38) boot: efuse block revision: v1.3[0m
[0;32mI (43) boot.esp32s3: Boot SPI Speed : 80MHz[0m
[0;32mI (47) boot.esp32s3: SPI Mode       : DIO[0m
[0;32mI (52) boot.esp32s3: SPI Flash Size : 2MB[0m
[0;32mI (57) boot: Enabling RNG early entropy source...[0m
[0;32mI (62) boot: Partition Table:[0m
[0;32mI (66) boot: ## Label            Usage          Type ST Offset   Length[0m
[0;32mI (73) boot:  0 nvs              WiFi data        01 02 00009000 00006000[0m
[0;32mI (81) boot:  1 phy_init         RF data          01 01 0000f000 00001000[0m
[0;32mI (88) boot:  2 factory          factory app      00 00 00010000 00100000[0m
[0;32mI (96) boot: End of partition table[0m
[0;32mI (100) esp_image: segment 0: paddr=00010020 vaddr=3c090020 size=19830h (104496) map[0m
[0;32mI (127) esp_image: segment 1: paddr=00029858 vaddr=3fc99c00 size=0497ch ( 18812) load[0m
[0;32mI (131) esp_image: segment 2: paddr=0002e1dc vaddr=40374000 size=01e3ch (  7740) load[0m
[0;32mI (134) esp_image: segment 3: paddr=00030020 vaddr=42000020 size=81608h (529928) map[0m
[0;32mI (234) esp_image: segment 4: paddr=000b1630 vaddr=40375e3c size=13cc0h ( 81088) load[0m
[0;32mI (261) boot: Loaded app from partition at offset 0x10000[0m
[0;32mI (261) boot: Disabling RNG early entropy source...[0m
[0;32mI (273) cpu_start: Multicore app[0m
[0;32mI (282) cpu_start: Pro cpu start user code[0m
[0;32mI (282) cpu_start: cpu freq: 160000000 Hz[0m
[0;32mI (282) app_init: Application information:[0m
[0;32mI (285) app_init: Project name:     aliot_mqtt[0m
[0;32mI (290) app_init: App version:      1[0m
[0;32mI (295) app_init: Compile time:     Jul 25 2025 20:08:48[0m
[0;32mI (301) app_init: ELF file SHA256:  54a7a37a3...[0m
[0;32mI (306) app_init: ESP-IDF:          v5.3.2[0m
[0;32mI (311) efuse_init: Min chip rev:     v0.0[0m
[0;32mI (316) efuse_init: Max chip rev:     v0.99 [0m
[0;32mI (321) efuse_init: Chip rev:         v0.2[0m
[0;32mI (325) heap_init: Initializing. RAM available for dynamic allocation:[0m
[0;32mI (333) heap_init: At 3FCA21A8 len 00047568 (285 KiB): RAM[0m
[0;32mI (339) heap_init: At 3FCE9710 len 00005724 (21 KiB): RAM[0m
[0;32mI (345) heap_init: At 3FCF0000 len 00008000 (32 KiB): DRAM[0m
[0;32mI (351) heap_init: At 600FE100 len 00001EE8 (7 KiB): RTCRAM[0m
[0;32mI (358) spi_flash: detected chip: generic[0m
[0;32mI (362) spi_flash: flash io: dio[0m
[0;33mW (366) spi_flash: Detected size(16384k) larger than the size in the binary image header(2048k). Using the size in the binary image header.[0m
[0;32mI (379) sleep: Configure to isolate all GPIO pins in sleep state[0m
[0;32mI (386) sleep: Enable automatic switching of GPIO sleep configuration[0m
[0;32mI (393) main_task: Started on CPU0[0m
[0;32mI (413) main_task: Calling app_main()[0m
[0;32mI (433) pp: pp rom version: e7ae62f[0m
[0;32mI (433) net80211: net80211 rom version: e7ae62f[0m
[0;32mI (443) wifi:wifi driver task: 3fcac530, prio:23, stack:6656, core=0[0m
[0;32mI (453) wifi:wifi firmware version: b0fd6006b[0m
[0;32mI (453) wifi:wifi certification version: v7.0[0m
[0;32mI (453) wifi:config NVS flash: enabled[0m
[0;32mI (453) wifi:config nano formating: disabled[0m
[0;32mI (453) wifi:Init data frame dynamic rx buffer num: 32[0m
[0;32mI (463) wifi:Init static rx mgmt buffer num: 5[0m
[0;32mI (463) wifi:Init management short buffer num: 32[0m
[0;32mI (463) wifi:Init dynamic tx buffer num: 32[0m
[0;32mI (473) wifi:Init static tx FG buffer num: 2[0m
[0;32mI (473) wifi:Init static rx buffer size: 1600[0m
[0;32mI (483) wifi:Init static rx buffer num: 10[0m
[0;32mI (483) wifi:Init dynamic rx buffer num: 32[0m
[0;32mI (483) wifi_init: rx ba win: 6[0m
[0;32mI (493) wifi_init: accept mbox: 6[0m
[0;32mI (493) wifi_init: tcpip mbox: 32[0m
[0;32mI (503) wifi_init: udp mbox: 6[0m
[0;32mI (503) wifi_init: tcp mbox: 6[0m
[0;32mI (503) wifi_init: tcp tx win: 5760[0m
[0;32mI (513) wifi_init: tcp rx win: 5760[0m
[0;32mI (513) wifi_init: tcp mss: 1440[0m
[0;32mI (523) wifi_init: WiFi IRAM OP enabled[0m
[0;32mI (523) wifi_init: WiFi RX IRAM OP enabled[0m

assert failed: esp_event_handler_register_with_internal esp_event.c:691 (event_handler)


Backtrace: 0x40375b6a:0x3fca5ae0 0x4037c561:0x3fca5b00 0x403848dd:0x3fca5b20 0x4207e1b2:0x3fca5c40 0x4207e2ce:0x3fca5c80 0x4207d535:0x3fca5cb0 0x4200988a:0x3fca5cd0 0x4200979b:0x3fca5e90 0x4208070f:0x3fca5eb0 0x4037d0ad:0x3fca5ee0




ELF file SHA256: 54a7a37a3

Rebooting...
ESP-ROM:esp32s3-20210327
Build:Mar 27 2021
rst:0xc (RTC_SW_CPU_RST),boot:0xb (SPI_FAST_FLASH_BOOT)
Saved PC:0x40375aa4
SPIWP:0xee
mode:DIO, clock div:1
load:0x3fce2810,len:0x1870
load:0x403c8700,len:0x4
load:0x403c8704,len:0xce8
load:0x403cb700,len:0x2ed8
entry 0x403c8918
[0;32mI (31) boot: ESP-IDF v5.3.2 2nd stage bootloader[0m
[0;32mI (31) boot: compile time Jul 25 2025 20:09:47[0m
[0;32mI (31) boot: Multicore bootloader[0m
[0;32mI (34) boot: chip revision: v0.2[0m
[0;32mI (38) boot: efuse block revision: v1.3[0m
[0;32mI (43) boot.esp32s3: Boot SPI Speed : 80MHz[0m
[0;32mI (47) boot.esp32s3: SPI Mode       : DIO[0m
[0;32mI (52) boot.esp32s3: SPI Flash Size : 2MB[0m
[0;32mI (57) boot: Enabling RNG early entropy source...[0m
[0;32mI (62) boot: Partition Table:[0m
[0;32mI (66) boot: ## Label            Usage          Type ST Offset   Length[0m
[0;32mI (73) boot:  0 nvs              WiFi data        01 02 00009000 00006000[0m
[0;32mI (81) boot:  1 phy_init         RF data          01 01 0000f000 00001000[0m
[0;32mI (88) boot:  2 factory          factory app      00 00 00010000 00100000[0m
[0;32mI (96) boot: End of partition table[0m
[0;32mI (100) esp_image: segment 0: paddr=00010020 vaddr=3c090020 size=19830h (104496) map[0m
[0;32mI (127) esp_image: segment 1: paddr=00029858 vaddr=3fc99c00 size=0497ch ( 18812) load[0m
[0;32mI (131) esp_image: segment 2: paddr=0002e1dc vaddr=40374000 size=01e3ch (  7740) load[0m
[0;32mI (134) esp_image: segment 3: paddr=00030020 vaddr=42000020 size=81608h (529928) map[0m
[0;32mI (234) esp_image: segment 4: paddr=000b1630 vaddr=40375e3c size=13cc0h ( 81088) load[0m
[0;32mI (261) boot: Loaded app from partition at offset 0x10000[0m
[0;32mI (261) boot: Disabling RNG early entropy source...[0m
[0;32mI (273) cpu_start: Multicore app[0m
[0;32mI (282) cpu_start: Pro cpu start user code[0m
[0;32mI (282) cpu_start: cpu freq: 160000000 Hz[0m
[0;32mI (282) app_init: Application information:[0m
[0;32mI (285) app_init: Project name:     aliot_mqtt[0m
[0;32mI (290) app_init: App version:      1[0m
[0;32mI (295) app_init: Compile time:     Jul 25 2025 20:08:48[0m
[0;32mI (301) app_init: ELF file SHA256:  54a7a37a3...[0m
[0;32mI (306) app_init: ESP-IDF:          v5.3.2[0m
[0;32mI (311) efuse_init: Min chip rev:     v0.0[0m
[0;32mI (316) efuse_init: Max chip rev:     v0.99 [0m
[0;32mI (321) efuse_init: Chip rev:         v0.2[0m
[0;32mI (325) heap_init: Initializing. RAM available for dynamic allocation:[0m
[0;32mI (333) heap_init: At 3FCA21A8 len 00047568 (285 KiB): RAM[0m
[0;32mI (339) heap_init: At 3FCE9710 len 00005724 (21 KiB): RAM[0m
[0;32mI (345) heap_init: At 3FCF0000 len 00008000 (32 KiB): DRAM[0m
[0;32mI (351) heap_init: At 600FE100 len 00001EE8 (7 KiB): RTCRAM[0m
[0;32mI (358) spi_flash: detected chip: generic[0m
[0;32mI (362) spi_flash: flash io: dio[0m
[0;33mW (366) spi_flash: Detected size(16384k) larger than the size in the binary image header(2048k). Using the size in the binary image header.[0m
[0;32mI (379) sleep: Configure to isolate all GPIO pins in sleep state[0m
[0;32mI (386) sleep: Enable automatic switching of GPIO sleep configuration[0m
[0;32mI (393) main_task: Started on CPU0[0m
[0;32mI (413) main_task: Calling app_main()[0m
[0;32mI (433) pp: pp rom version: e7ae62f[0m
[0;32mI (433) net80211: net80211 rom version: e7ae62f[0m
[0;32mI (443) wifi:wifi driver task: 3fcac530, prio:23, stack:6656, core=0[0m
[0;32mI (453) wifi:wifi firmware version: b0fd6006b[0m
[0;32mI (453) wifi:wifi certification version: v7.0[0m
[0;32mI (453) wifi:config NVS flash: enabled[0m
[0;32mI (453) wifi:config nano formating: disabled[0m
[0;32mI (453) wifi:Init data frame dynamic rx buffer num: 32[0m
[0;32mI (463) wifi:Init static rx mgmt buffer num: 5[0m
[0;32mI (463) wifi:Init management short buffer num: 32[0m
[0;32mI (463) wifi:Init dynamic tx buffer num: 32[0m
[0;32mI (473) wifi:Init static tx FG buffer num: 2[0m
[0;32mI (473) wifi:Init static rx buffer size: 1600[0m
[0;32mI (483) 