ESP-ROM:esp32s3-20210327
ESP-ROM:esp32s3-20210327
Build:Mar 27 2021
rst:0x1 (POWERON),boot:0xb (SPI_FAST_FLASH_BOOT)
SPIWP:0xee
mode:DIO, clock div:1
load:0x3fce2810,len:0x1870
load:0x403c8700,len:0x4
load:0x403c8704,len:0xce8
load:0x403cb700,len:0x2ed8
entry 0x403c8918
[0;32mI (27) boot: ESP-IDF v5.3.2 2nd stage bootloader[0m
[0;32mI (27) boot: compile time Jul 25 2025 20:09:47[0m
[0;32mI (27) boot: Multicore bootloader[0m
[0;32mI (30) boot: chip revision: v0.2[0m
[0;32mI (34) boot: efuse block revision: v1.3[0m
[0;32mI (38) boot.esp32s3: Boot SPI Speed : 80MHz[0m
[0;32mI (43) boot.esp32s3: SPI Mode       : DIO[0m
[0;32mI (48) boot.esp32s3: SPI Flash Size : 2MB[0m
[0;32mI (52) boot: Enabling RNG early entropy source...[0m
[0;32mI (58) boot: Partition Table:[0m
[0;32mI (61) boot: ## Label            Usage          Type ST Offset   Length[0m
[0;32mI (69) boot:  0 nvs              WiFi data        01 02 00009000 00006000[0m
[0;32mI (76) boot:  1 phy_init         RF data          01 01 0000f000 00001000[0m
[0;32mI (84) boot:  2 factory          factory app      00 00 00010000 00100000[0m
[0;32mI (91) boot: End of partition table[0m
[0;32mI (95) esp_image: segment 0: paddr=00010020 vaddr=3c0b0020 size=2163ch (136764) map[0m
[0;32mI (128) esp_image: segment 1: paddr=00031664 vaddr=3fc9a100 size=049ach ( 18860) load[0m
[0;32mI (132) esp_image: segment 2: paddr=00036018 vaddr=40374000 size=0a000h ( 40960) load[0m
[0;32mI (143) esp_image: segment 3: paddr=00040020 vaddr=42000020 size=a7a38h (686648) map[0m
[0;32mI (264) esp_image: segment 4: paddr=000e7a60 vaddr=4037e000 size=0c000h ( 49152) load[0m
[0;32mI (284) boot: Loaded app from partition at offset 0x10000[0m
[0;32mI (284) boot: Disabling RNG early entropy source...[0m
[0;32mI (296) cpu_start: Multicore app[0m
[0;32mI (305) cpu_start: Pro cpu start user code[0m
[0;32mI (305) cpu_start: cpu freq: 160000000 Hz[0m
[0;32mI (305) app_init: Application information:[0m
[0;32mI (308) app_init: Project name:     aliot_mqtt[0m
[0;32mI (313) app_init: App version:      1[0m
[0;32mI (318) app_init: Compile time:     Jul 25 2025 20:08:48[0m
[0;32mI (324) app_init: ELF file SHA256:  e18006002...[0m
[0;32mI (329) app_init: ESP-IDF:          v5.3.2[0m
[0;32mI (334) efuse_init: Min chip rev:     v0.0[0m
[0;32mI (338) efuse_init: Max chip rev:     v0.99 [0m
[0;32mI (343) efuse_init: Chip rev:         v0.2[0m
[0;32mI (348) heap_init: Initializing. RAM available for dynamic allocation:[0m
[0;32mI (356) heap_init: At 3FCA2D10 len 00046A00 (282 KiB): RAM[0m
[0;32mI (362) heap_init: At 3FCE9710 len 00005724 (21 KiB): RAM[0m
[0;32mI (368) heap_init: At 3FCF0000 len 00008000 (32 KiB): DRAM[0m
[0;32mI (374) heap_init: At 600FE100 len 00001EE8 (7 KiB): RTCRAM[0m
[0;32mI (381) spi_flash: detected chip: generic[0m
[0;32mI (385) spi_flash: flash io: dio[0m
[0;33mW (389) spi_flash: Detected size(16384k) larger than the size in the binary image header(2048k). Using the size in the binary image header.[0m
[0;32mI (402) sleep: Configure to isolate all GPIO pins in sleep state[0m
[0;32mI (409) sleep: Enable automatic switching of GPIO sleep configuration[0m
[0;32mI (416) main_task: Started on CPU0[0m
[0;32mI (436) main_task: Calling app_main()[0m
[0;32mI (436) app_main: create event group succeed![0m
[0;32mI (456) pp: pp rom version: e7ae62f[0m
[0;32mI (456) net80211: net80211 rom version: e7ae62f[0m
[0;32mI (466) wifi:wifi driver task: 3fcad118, prio:23, stack:6656, core=0[0m
[0;32mI (476) wifi:wifi firmware version: b0fd6006b[0m
[0;32mI (476) wifi:wifi certification version: v7.0[0m
[0;32mI (476) wifi:config NVS flash: enabled[0m
[0;32mI (476) wifi:config nano formating: disabled[0m
[0;32mI (476) wifi:Init data frame dynamic rx buffer num: 32[0m
[0;32mI (486) wifi:Init static rx mgmt buffer num: 5[0m
[0;32mI (486) wifi:Init management short buffer num: 32[0m
[0;32mI (486) wifi:Init dynamic tx buffer num: 32[0m
[0;32mI (496) wifi:Init static tx FG buffer num: 2[0m
[0;32mI (496) wifi:Init static rx buffer size: 1600[0m
[0;32mI (506) wifi:Init static rx buffer num: 10[0m
[0;32mI (506) wifi:Init dynamic rx buffer num: 32[0m
[0;32mI (506) wifi_init: rx ba win: 6[0m
[0;32mI (516) wifi_init: accept mbox: 6[0m
[0;32mI (516) wifi_init: tcpip mbox: 32[0m
[0;32mI (526) wifi_init: udp mbox: 6[0m
[0;32mI (526) wifi_init: tcp mbox: 6[0m
[0;32mI (526) wifi_init: tcp tx win: 5760[0m
[0;32mI (536) wifi_init: tcp rx win: 5760[0m
[0;32mI (536) wifi_init: tcp mss: 1440[0m
[0;32mI (546) wifi_init: WiFi IRAM OP enabled[0m
[0;32mI (546) wifi_init: WiFi RX IRAM OP enabled[0m
[0;32mI (556) phy_init: phy_version 680,a6008b2,Jun  4 2024,16:41:10[0m
[0;32mI (596) wifi:mode : sta (e8:06:90:98:bd:d4)[0m
[0;32mI (596) wifi:enable tsf[0m
[0;32mI (606) app_wifi: STA START,CONNECTING WIFI![0m
[0;32mI (616) wifi:new:<1,1>, old:<1,0>, ap:<255,255>, sta:<1,1>, prof:1, snd_ch_cfg:0x0[0m
[0;32mI (616) wifi:state: init -> auth (0xb0)[0m
[0;32mI (636) wifi:state: auth -> assoc (0x0)[0m
[0;32mI (646) wifi:state: assoc -> run (0x10)[0m
[0;32mI (666) wifi:<ba-add>idx:0 (ifx:0, 18:f2:2c:6d:f0:a8), tid:5, ssn:0, winSize:64[0m
[0;32mI (776) wifi:connected with 502, aid = 19, channel 1, 40U, bssid = 18:f2:2c:6d:f0:a8[0m
[0;32mI (786) wifi:security: WPA2-PSK, phy: bgn, rssi: -55[0m
[0;32mI (786) wifi:pm start, type: 1[0m

[0;32mI (786) wifi:dp: 1, bi: 102400, li: 3, scale listen interval from 307200 us to 307200 us[0m
[0;32mI (796) wifi:set rx beacon pti, rx_bcn_pti: 0, bcn_timeout: 25000, mt_pti: 0, mt_time: 10000[0m
[0;32mI (806) app_wifi: WIFI CONNECTED![0m
[0;32mI (806) wifi:AP's beacon interval = 102400 us, DTIM period = 1[0m
[0;32mI (1806) esp_netif_handlers: sta ip: 192.168.1.121, mask: 255.255.255.0, gw: 192.168.1.1[0m
[0;32mI (1806) app_wifi: ESP GOT IP![0m
[0;32mI (1806) app_main: got ip succeed,event group bit = 1[0m
eventid = 7
[0;32mI (1816) wifi:<ba-add>idx:1 (ifx:0, 18:f2:2c:6d:f0:a8), tid:0, ssn:1, winSize:64[0m
eventid = 1
[0;32mI (2446) aliot_mqtt: connect to server success[0m
[0;32mI (2456) app_main: got ip succeed,event group bit = 2[0m
[0;32mI (2456) gpio: GPIO[7]| InputEn: 1| OutputEn: 1| OpenDrain: 1| Pullup: 1| Pulldown: 0| Intr:0 [0m
[0;32mI (2466) gpio: GPIO[6]| InputEn: 1| OutputEn: 1| OpenDrain: 1| Pullup: 1| Pulldown: 0| Intr:0 [0m
eventid = 3
[0;32mI (2466) bsp_i2c: I2C bus opened successfully[0m
eventid = 3
eventid = 3
[0;31mE (2676) i2c.master: I2C transaction unexpected nack detected[0m
[0;31mE (2676) i2c.master: s_i2c_synchronous_transaction(888): I2C transaction failed[0m
[0;31mE (2676) i2c.master: i2c_master_transmit_receive(1139): I2C transaction failed[0m
ESP_ERROR_CHECK failed: esp_err_t 0x103 (ESP_ERR_INVALID_STATE) at 0x4200b2aa
file: "./main/bsp_i2c.c" line 90
func: ath20_init
expression: i2c_master_transmit_receive(i2c_dev_aht20,&tx_data,sizeof(uint8_t),&state,sizeof(uint8_t),10)

abort() was called at PC 0x4037c8cf on core 0


Backtrace: 0x40375b72:0x3fcc1d50 0x4037c8d9:0x3fcc1d70 0x40384b61:0x3fcc1d90 0x4037c8cf:0x3fcc1e00 0x4200b2aa:0x3fcc1e30 0x4200aec2:0x3fcc1e60 0x4037d46d:0x3fcc1e90




ELF file SHA256: e18006002

Rebooting...
ï¿½ï¿½ï¿½ESP-ROM:esp32s3-20210327
Build:Mar 27 2021
rst:0xc (RTC_SW_CPU_RST),boot:0xb (SPI_FAST_FLASH_BOOT)
Saved PC:0x40375aac
SPIWP:0xee
mode:DIO, clock div:1
load:0x3fce2810,len:0x1870
load:0x403c8700,len:0x4
load:0x403c8704,len:0xce8
load:0x403cb700,len:0x2ed8
entry 0x403c8918
[0;32mI (31) boot: ESP-IDF v5.3.2 2nd stage bootloader[0m
[0;32mI (31) boot: compile time Jul 25 2025 20:09:47[0m
[0;32mI (31) boot: Multicore bootloader[0m
[0;32mI (34) boot: chip revision: v0.2[0m
[0;32mI (38) boot: efuse block revision: v1.3[0m
[0;32mI (43) boot.esp32s3: Boot SPI Speed : 80MHz[0m
[0;32mI (47) boot.esp32s3: SPI Mode       : DIO[0m
[0;32mI (52) boot.esp32s3: SPI Flash Size : 2MB[0m
[0;32mI (57) boot: Enabling RNG early entropy source...[0m
[0;32mI (62) boot: Partition Table:[0m
[0;32mI (66) boot: ## Label            Usage          Type ST Offset   Length[0m
[0;32mI (73) boot:  0 nvs              WiFi data        01 02 00009000 00006000[0m
[0;32mI (81) boot:  1 phy_init         RF data          01 01 0000f000 00001000[0m
[0;32mI (88) boot:  2 factory          factory app      00 00 00010000 00100000[0m
[0;32mI (96) boot: End of partition table[0m
[0;32mI (100) esp_image: segment 0: paddr=00010020 vaddr=3c0b0020 size=2163ch (136764) map[0m
[0;32mI (132) esp_image: segment 1: paddr=00031664 vaddr=3fc9a100 size=049ach ( 18860) load[0m
[0;32mI (137) esp_image: segment 2: paddr=00036018 vaddr=40374000 size=0a000h ( 40960) load[0m
[0;32mI (147) esp_image: segment 3: paddr=00040020 vaddr=42000020 size=a7a38h (686648) map[0m
[0;32mI (268) esp_image: segment 4: paddr=000e7a60 vaddr=4037e000 size=0c000h ( 49152) load[0m
[0;32mI (288) boot: Loaded app from partition at offset 0x10000[0m
[0;32mI (289) boot: Disabling RNG early entropy source...[0m
[0;32mI (301) cpu_start: Multicore app[0m
[0;32mI (310) cpu_start: Pro cpu start user code[0m
[0;32mI (310) cpu_start: cpu freq: 160000000 Hz[0m
[0;32mI (310) app_init: Application information:[0m
[0;32mI (313) app_init: Project name:     aliot_mqtt[0m
[0;32mI (318) app_init: App version:      1[0m
[0;32mI (322) app_init: Compile time:     Jul 25 2025 20:08:48[0m
[0;32mI (328) app_init: ELF file SHA256:  e18006002...[0m
[0;32mI (333) app_init: ESP-IDF:          v5.3.2[0m
[0;32mI (338) efuse_init: Min chip rev:     v0.0[0m
[0;32mI (343) efuse_init: Max chip rev:     v0.99 [0m
[0;32mI (348) efuse_init: Chip rev:         v0.2[0m
[0;32mI (353) heap_init: Initializing. RAM available for dynamic allocation:[0m
[0;32mI (360) heap_init: At 3FCA2D10 len 00046A00 (282 KiB): RAM[0m
[0;32mI (366) heap_init: At 3FCE9710 len 00005724 (21 KiB): RAM[0m
[0;32mI (372) heap_init: At 3FCF0000 len 00008000 (32 KiB): DRAM[0m
[0;32mI (378) heap_init: At 600FE100 len 00001EE8 (7 KiB): RTCRAM[0m
[0;32mI (386) spi_flash: detected chip: generic[0m
[0;32mI (389) spi_flash: flash io: dio[0m
[0;33mW (393) spi_flash: Detected size(16384k) larger than the size in the binary image header(2048k). Using the size in the binary image header.[0m
[0;32mI (407) sleep: Configure to isolate all GPIO pins in sleep state[0m
[0;32mI (413) sleep: Enable automatic switching of GPIO sleep configuration[0m
[0;32mI (421) main_task: Started on CPU0[0m
[0;32mI (441) main_task: Calling app_main()[0m
[0;32mI (441) app_main: create event group succeed![0m
[0;32mI (461) pp: pp rom version: e7ae62f[0m
[0;32mI (461) net80211: net80211 rom version: e7ae62f[0m
[0;32mI (471) wifi:wifi driver task: 3fcad118, prio:23, stack:6656, core=0[0m
[0;32mI (481) wifi:wifi firmware version: b0fd6006b[0m
[0;32mI (481) wifi:wifi certification version: v7.0[0m
[0;32mI (481) wifi:config NVS flash: enabled[0m
[0;32mI (481) wifi:config nano formating: disabled[0m
[0;32mI (481) wifi:Init data frame dynamic rx buffer num: 32[0m
[0;32mI (491) wifi:Init static rx mgmt buffer num: 5[0m
[0;32mI (491) wifi:Init management short buffer num: 32[0m
[0;32mI (491) wifi:Init dynamic tx buffer num: 32[0m
[0;32mI (501) wifi:Init static tx FG buffer num: 2[0m
[0;32mI (501) wifi:Init static rx buffer size: 1600[0m
[0;32mI (511) wifi:Init static rx buffer num: 10[0m
[0;32mI (511) wifi:Init dynamic rx buffer num: 32[0m
[0;32mI (511) wifi_init: rx ba win: 6[0m
[0;32mI (521) wifi_init: accept mbox: 6[0m
[0;32mI (521) wifi_init: tcpip mbox: 32[0m
[0;32mI (531) wifi_init: udp mbox: 6[0m
[0;32mI (531) wifi_init: tcp mbox: 6[0m
[0;32mI (531) wifi_init: tcp tx win: 5760[0m
[0;32mI (541) wifi_init: tcp rx win: 5760[0m
[0;32mI (541) wifi_init: tcp mss: 1440[0m
[0;32mI (551) wifi_init: WiFi IRAM OP enabled[0m
[0;32mI (551) wifi_init: WiFi RX IRAM OP enabled[0m
[0;32mI (561) phy_init: phy_version 680,a6008b2,Jun  4 2024,16:41:10[0m
[0;32mI (601) wifi:mode : sta (e8:06:90:98:bd:d4)[0m
[0;32mI (601) wifi:enable tsf[0m
[0;32mI (601) app_wifi: STA START,CONNECTING WIFI![0m
[0;32mI (611) wifi:new:<1,1>, old:<1,0>, ap:<255,255>, sta:<1,1>, prof:1, snd_ch_cfg:0x0[0m
[0;32mI (611) wifi:state: init -> auth (0xb0)[0m
[0;32mI (631) wifi:state: auth -> assoc (0x0)[0m
[0;32mI (661) wifi:state: assoc -> run (0x10)[0m
[0;32mI (671) wifi:<ba-add>idx:0 (ifx:0, 18:f2:2c:6d:f0:a8), tid:5, ssn:0, winSize:64[0m
[0;32mI (771) wifi:connected with 502, aid = 19, channel 1, 40U, bssid = 18:f2:2c:6d:f0:a8[0m
[0;32mI (771) wifi:security: WPA2-PSK, phy: bgn, rssi: -53[0m
[0;32mI (781) wifi:pm start, type: 1[0m

[0;32mI (781) wifi:dp: 1, bi: 102400, li: 3, scale listen interval from 307200 us to 307200 us[0m
[0;32mI (791) wifi:set rx beacon pti, rx_bcn_pti: 0, bcn_timeout: 25000, mt_pti: 0, mt_time: 10000[0m
[0;32mI (791) wifi:AP's beacon interval = 102400 us, DTIM period = 1[0m
[0;32mI (801) app_wifi: WIFI CONNECTED![0m
[0;32mI (1801) esp_netif_handlers: sta ip: 192.168.1.121, mask: 255.255.255.0, gw: 192.168.1.1[0m
[0;32mI (1801) app_wifi: ESP GOT IP![0m
[0;32mI (1801) app_main: got ip succeed,event group bit = 1[0m
eventid = 7
[0;32mI (1931) wifi:<ba-add>idx:1 (ifx:0, 18:f2:2c:6d:f0:a8), tid:0, ssn:0, winSize:64[0m
eventid = 1
[0;32mI (2431) aliot_mqtt: connect to server success[0m
[0;32mI (2441) app_main: got ip succeed,event group bit = 2[0m
[0;32mI (2441) gpio: GPIO[7]| InputEn: 1| OutputEn: 1| OpenDrain: 1| Pullup: 1| Pulldown: 0| Intr:0 [0m
[0;32mI (2451) gpio: GPIO[6]| InputEn: 1| OutputEn: 1| OpenDrain: 1| Pullup: 1| Pulldown: 0| Intr:0 [0m
[0;32mI (2451) bsp_i2c: I2C bus opened successfully[0m
eventid = 3
eventid = 3
eventid = 3
[0;31mE (2661) i2c.master: I2C transaction unexpected nack detected[0m
[0;31mE (2661) i2c.master: s_i2c_synchronous_transaction(888): I2C transaction failed[0m
[0;31mE (2661) i2c.master: i2c_master_transmit_receive(1139): I2C transaction failed[0m
ESP_ERROR_CHECK failed: esp_err_t 0x103 (ESP_ERR_INVALID_STATE) at 0x4200b2aa
file: "./main/bsp_i2c.c" line 90
func: ath20_init
expression: i2c_master_transmit_receive(i2c_dev_aht20,&tx_data,sizeof(uint8_t),&state,sizeof(uint8_t),10)

abort() was called at PC 0x4037c8cf on core 0


Backtrace: 0x40375b72:0x3fcc2170 0x4037c8d9:0x3fcc2190 0x40384b61:0x3fcc21b0 0x4037c8cf:0x3fcc2220 0x4200b2aa:0x3fcc2250 0x4200aec2:0x3fcc2280 0x4037d46d:0x3fcc22b0




ELF file SHA256: e18006002

Rebooting...
ESP-ROM:esp32s3-20210327
Build:Mar 27 2021
rst:0xc (RTC_SW_CPU_RST),boot:0xb (SPI_FAST_FLASH_BOOT)
Saved PC:0x40375aac
SPIWP:0xee
mode:DIO, clock div:1
load:0x3fce2810,len:0x1870
load:0x403c8700,len:0x4
load:0x403c8704,len:0xce8
load:0x403cb700,len:0x2ed8
entry 0x403c8918
[0;32mI (31) boot: ESP-IDF v5.3.2 2nd stage bootloader[0m
[0;32mI (31) boot: compile time Jul 25 2025 20:09:47[0m
[0;32mI (31) boot: Multicore bootloader[0m
[0;32mI (34) boot: chip revision: v0.2[0m
[0;32mI (38) boot: efuse block revision: v1.3[0m
[0;32mI (43) boot.esp32s3: Boot SPI Speed : 80MHz[0m
[0;32mI (47) boot.esp32s3: SPI Mode       : DIO[0m
[0;32mI (52) boot.esp32s3: SPI Flash Size : 2MB[0m
[0;32mI (57) boot: Enabling RNG early entropy source...[0m
[0;32mI (62) boot: Partition Table:[0m
[0;32mI (66) boot: ## Label            Usage          Type ST Offset   Length[0m
[0;32mI (73) boot:  0 nvs              WiFi data        01 02 00009000 00006000[0m
[0;32mI (81) boot:  1 phy_init         RF data          01 01 0000f000 00001000[0m
[0;32mI (88) boot:  2 factory          factory app      00 00 00010000 00100000[0m
[0;32mI (96) boot: End of partition table[0m
[0;32mI (100) esp_image: segment 0: paddr=00010020 vaddr=3c0b0020 size=2163ch (136764) map[0m
[0;32mI (132) esp_image: segment 1: paddr=00031664 vaddr=3fc9a100 size=049ach ( 18860) load[0m
[0;32mI (137) esp_image: segment 2: paddr=00036018 vaddr=40374000 size=0a000h ( 40960) load[0m
[0;32mI (147) esp_image: segment 3: paddr=00040020 vaddr=42000020 size=a7a38h (686648) map[0m
[0;32mI (268) esp_image: segment 4: paddr=000e7a60 vaddr=4037e000 size=0c000h ( 49152) load[0m
[0;32mI (288) boot: Loaded app from partition at offset 0x10000[0m
[0;32mI (289) boot: Disabling RNG early entropy source...[0m
[0;32mI (301) cpu_start: Multicore app[0m
[0;32mI (310) cpu_start: Pro cpu start user code[0m
[0;32mI (310) cpu_start: cpu freq: 160000000 Hz[0m
[0;32mI (310) app_init: Application information:[0m
[0;32mI (313) app_init: Project name:     aliot_mqtt[0m
[0;32mI (318) app_init: App version:      1[0m
[0;32mI (322) app_init: Compile time:     Jul 25 2025 20:08:48[0m
[0;32mI (328) app_init: ELF file SHA256:  e18006002...[0m
[0;32mI (333) app_init: ESP-IDF:          v5.3.2[0m
[0;32mI (338) efuse_init: Min chip rev:     v0.0[0m
[0;32mI (343) efuse_init: Max chip rev:     v0.99 [0m
[0;32mI (348) efuse_init: Chip rev:         v0.2[0m
[0;32mI (353) heap_init: Initializing. RAM available for dynamic allocation:[0m
[0;32mI (360) heap_init: At 3FCA2D10 len 00046A00 (282 KiB): RAM[0m
[0;32mI (366) heap_init: At 3FCE9710 len 00005724 (21 KiB): RAM[0m
[0;32mI (372) heap_init: At 3FCF0000 len 00008000 (32 KiB): DRAM[0m
[0;32mI (378) heap_init: At 600FE100 len 00001EE8 (7 KiB): RTCRAM[0m
[0;32mI (386) spi_flash: detected chip: generic[0m
[0;32mI (389) spi_flash: flash io: dio[0m
[0;33mW (393) spi_flash: Detected size(16384k) larger than the size in the binary image header(2048k). Using the size in the binary image header.[0m
[0;32mI (407) sleep: Configure to isolate all GPIO pins in sleep state[0m
[0;32mI (413) sleep: Enable automatic switching of GPIO sleep configuration[0m
[0;32mI (421) main_task: Started on CPU0[0m
[0;32mI (441) main_task: Calling app_main()[0m
[0;32mI (441) app_main: create event group succeed![0m
[0;32mI (461) pp: pp rom version: e7ae62f[0m
[0;32mI (461) net80211: net80211 rom version: e7ae62f[0m
[0;32mI (471) wifi:wifi driver task: 3fcad118, prio:23, stack:6656, core=0[0m
[0;32mI (481) wifi:wifi firmware version: b0fd6006b[0m
[0;32mI (481) wifi:wifi certification version: v7.0[0m
[0;32mI (481) wifi:config NVS flash: enabled[0m
[0;32mI (481) wifi:config nano formating: disabled[0m
[0;32mI (481) wifi:Init data frame dynamic rx buffer num: 32[0m
[0;32mI (491) wifi:Init static rx mgmt buffer num: 5[0m
[0;32mI (491) wifi:Init management short buffer num: 32[0m
[0;32mI (491) wifi:Init dynamic tx buffer num: 32[0m
[0;32mI (501) wifi:Init static tx FG buffer num: 2[0m
[0;32mI (501) wifi:Init static rx buffer size: 1600[0m
[0;32mI (511) wifi:Init static rx buffer num: 10[0m
[0;32mI (511) wifi:Init dynamic rx buffer num: 32[0m
[0;32mI (511) wifi_init: rx ba win: 6[0m
[0;32mI (521) wifi_init: accept mbox: 6[0m
[0;32mI (521) wifi_init: tcpip mbox: 32[0m
[0;32mI (531) wifi_init: udp mbox: 6[0m
[0;32mI (531) wifi_init: tcp mbox: 6[0m
[0;32mI (531) wifi_init: tcp tx win: 5760[0m
[0;32mI (541) wifi_init: tcp rx win: 5760[0m
[0;32mI (541) wifi_init: tcp mss: 1440[0m
[0;32mI (551) wifi_init: WiFi IRAM OP enabled[0m
[0;32mI (551) wifi_init: WiFi RX IRAM OP enabled[0m
[0;32mI (561) phy_init: phy_version 680,a6008b2,Jun  4 2024,16:41:10[0m
[0;32mI (601) wifi:mode : sta (e8:06:90:98:bd:d4)[0m
[0;32mI (601) wifi:enable tsf[0m
[0;32mI (601) app_wifi: STA START,CONNECTING WIFI![0m
[0;32mI (611) wifi:new:<1,1>, old:<1,0>, ap:<255,255>, sta:<1,1>, prof:1, snd_ch_cfg:0x0[0m
[0;32mI (611) wifi:state: init -> auth (0xb0)[0m
[0;32mI (631) wifi:state: auth -> assoc (0x0)[0m
[0;32mI (651) wifi:state: assoc -> run (0x10)[0m
[0;32mI (671) wifi:<ba-add>idx:0 (ifx:0, 18:f2:2c:6d:f0:a8), tid:5, ssn:0, winSize:64[0m
[0;32mI (771) wifi:connected with 502, aid = 19, channel 1, 40U, bssid = 18:f2:2c:6d:f0:a8[0m
[0;32mI (771) wifi:security: WPA2-PSK, phy: bgn, rssi: -58[0m
[0;32mI (771) wifi:pm start, type: 1[0m

[0;32mI (771) wifi:dp: 1, bi: 102400, li: 3, scale listen interval from 307200 us to 307200 us[0m
[0;32mI (781) wifi:set rx beacon pti, rx_bcn_pti: 0, bcn_timeout: 25000, mt_pti: 0, mt_time: 10000[0m
[0;32mI (791) app_wifi: WIFI CONNECTED![0m
[0;32mI (801) wifi:AP's beacon interval = 102400 us, DTIM period = 1[0m
