ESP-ROM:esp32s3-20210327
ESP-ROM:esp32s3-20210327
Build:Mar 27 2021
rst:0x1 (POWERON),boot:0x8 (SPI_FAST_FLASH_BOOT)
SPIWP:0xee
mode:DIO, clock div:1
load:0x3fce2810,len:0x1870
load:0x403c8700,len:0x4
load:0x403c8704,len:0xce8
load:0x403cb700,len:0x2ed8
entry 0x403c8918
[0;32mI (27) boot: ESP-IDF v5.3.2 2nd stage bootloader[0m
[0;32mI (27) boot: compile time Jul 25 2025 20:09:47[0m
[0;32mI (27) boot: Multicore bootloader[0m
[0;32mI (30) boot: chip revision: v0.2[0m
[0;32mI (34) boot: efuse block revision: v1.3[0m
[0;32mI (38) boot.esp32s3: Boot SPI Speed : 80MHz[0m
[0;32mI (43) boot.esp32s3: SPI Mode       : DIO[0m
[0;32mI (48) boot.esp32s3: SPI Flash Size : 2MB[0m
[0;32mI (52) boot: Enabling RNG early entropy source...[0m
[0;32mI (58) boot: Partition Table:[0m
[0;32mI (61) boot: ## Label            Usage          Type ST Offset   Length[0m
[0;32mI (69) boot:  0 nvs              WiFi data        01 02 00009000 00006000[0m
[0;32mI (76) boot:  1 phy_init         RF data          01 01 0000f000 00001000[0m
[0;32mI (84) boot:  2 factory          factory app      00 00 00010000 00100000[0m
[0;32mI (91) boot: End of partition table[0m
[0;32mI (95) esp_image: segment 0: paddr=00010020 vaddr=3c0b0020 size=1fca4h (130212) map[0m
[0;32mI (127) esp_image: segment 1: paddr=0002fccc vaddr=3fc99d00 size=0034ch (   844) load[0m
[0;32mI (127) esp_image: segment 2: paddr=00030020 vaddr=42000020 size=a2b70h (666480) map[0m
[0;32mI (250) esp_image: segment 3: paddr=000d2b98 vaddr=3fc9a04c size=04650h ( 18000) load[0m
[0;32mI (254) esp_image: segment 4: paddr=000d71f0 vaddr=40374000 size=15c40h ( 89152) load[0m
[0;32mI (284) boot: Loaded app from partition at offset 0x10000[0m
[0;32mI (284) boot: Disabling RNG early entropy source...[0m
[0;32mI (296) cpu_start: Multicore app[0m
[0;32mI (305) cpu_start: Pro cpu start user code[0m
[0;32mI (305) cpu_start: cpu freq: 160000000 Hz[0m
[0;32mI (305) app_init: Application information:[0m
[0;32mI (308) app_init: Project name:     aliot_mqtt[0m
[0;32mI (313) app_init: App version:      1[0m
[0;32mI (318) app_init: Compile time:     Jul 25 2025 20:08:48[0m
[0;32mI (324) app_init: ELF file SHA256:  7b155e84f...[0m
[0;32mI (329) app_init: ESP-IDF:          v5.3.2[0m
[0;32mI (334) efuse_init: Min chip rev:     v0.0[0m
[0;32mI (338) efuse_init: Max chip rev:     v0.99 [0m
[0;32mI (343) efuse_init: Chip rev:         v0.2[0m
[0;32mI (348) heap_init: Initializing. RAM available for dynamic allocation:[0m
[0;32mI (356) heap_init: At 3FCA28C0 len 00046E50 (283 KiB): RAM[0m
[0;32mI (362) heap_init: At 3FCE9710 len 00005724 (21 KiB): RAM[0m
[0;32mI (368) heap_init: At 3FCF0000 len 00008000 (32 KiB): DRAM[0m
[0;32mI (374) heap_init: At 600FE100 len 00001EE8 (7 KiB): RTCRAM[0m
[0;32mI (381) spi_flash: detected chip: generic[0m
[0;32mI (385) spi_flash: flash io: dio[0m
[0;33mW (389) spi_flash: Detected size(16384k) larger than the size in the binary image header(2048k). Using the size in the binary image header.[0m
[0;32mI (402) sleep: Configure to isolate all GPIO pins in sleep state[0m
[0;32mI (409) sleep: Enable automatic switching of GPIO sleep configuration[0m
[0;32mI (416) main_task: Started on CPU0[0m
[0;32mI (436) main_task: Calling app_main()[0m
[0;32mI (436) app_main: create event group succeed![0m
[0;32mI (456) pp: pp rom version: e7ae62f[0m
[0;32mI (456) net80211: net80211 rom version: e7ae62f[0m
[0;32mI (466) wifi:wifi driver task: 3fcaccc8, prio:23, stack:6656, core=0[0m
[0;32mI (476) wifi:wifi firmware version: b0fd6006b[0m
[0;32mI (476) wifi:wifi certification version: v7.0[0m
[0;32mI (476) wifi:config NVS flash: enabled[0m
[0;32mI (476) wifi:config nano formating: disabled[0m
[0;32mI (476) wifi:Init data frame dynamic rx buffer num: 32[0m
[0;32mI (486) wifi:Init static rx mgmt buffer num: 5[0m
[0;32mI (486) wifi:Init management short buffer num: 32[0m
[0;32mI (486) wifi:Init dynamic tx buffer num: 32[0m
[0;32mI (496) wifi:Init static tx FG buffer num: 2[0m
[0;32mI (496) wifi:Init static rx buffer size: 1600[0m
[0;32mI (506) wifi:Init static rx buffer num: 10[0m
[0;32mI (506) wifi:Init dynamic rx buffer num: 32[0m
[0;32mI (506) wifi_init: rx ba win: 6[0m
[0;32mI (516) wifi_init: accept mbox: 6[0m
[0;32mI (516) wifi_init: tcpip mbox: 32[0m
[0;32mI (526) wifi_init: udp mbox: 6[0m
[0;32mI (526) wifi_init: tcp mbox: 6[0m
[0;32mI (526) wifi_init: tcp tx win: 5760[0m
[0;32mI (536) wifi_init: tcp rx win: 5760[0m
[0;32mI (536) wifi_init: tcp mss: 1440[0m
[0;32mI (546) wifi_init: WiFi IRAM OP enabled[0m
[0;32mI (546) wifi_init: WiFi RX IRAM OP enabled[0m
[0;32mI (556) phy_init: phy_version 680,a6008b2,Jun  4 2024,16:41:10[0m
[0;32mI (596) wifi:mode : sta (e8:06:90:98:bd:d4)[0m
[0;32mI (596) wifi:enable tsf[0m
[0;32mI (596) app_wifi: STA START,CONNECTING WIFI![0m
[0;32mI (606) wifi:new:<1,1>, old:<1,0>, ap:<255,255>, sta:<1,1>, prof:1, snd_ch_cfg:0x0[0m
[0;32mI (616) wifi:state: init -> auth (0xb0)[0m
[0;32mI (636) wifi:state: auth -> assoc (0x0)[0m
[0;32mI (656) wifi:state: assoc -> run (0x10)[0m
[0;32mI (676) wifi:<ba-add>idx:0 (ifx:0, 18:f2:2c:6d:f0:a8), tid:5, ssn:0, winSize:64[0m
[0;32mI (776) wifi:connected with 502, aid = 18, channel 1, 40U, bssid = 18:f2:2c:6d:f0:a8[0m
[0;32mI (776) wifi:security: WPA2-PSK, phy: bgn, rssi: -55[0m
[0;32mI (776) wifi:pm start, type: 1[0m

[0;32mI (776) wifi:dp: 1, bi: 102400, li: 3, scale listen interval from 307200 us to 307200 us[0m
[0;32mI (786) wifi:set rx beacon pti, rx_bcn_pti: 0, bcn_timeout: 25000, mt_pti: 0, mt_time: 10000[0m
[0;32mI (796) app_wifi: WIFI CONNECTED![0m
[0;32mI (1056) wifi:AP's beacon interval = 102400 us, DTIM period = 1[0m
[0;32mI (1796) esp_netif_handlers: sta ip: 192.168.1.112, mask: 255.255.255.0, gw: 192.168.1.1[0m
[0;32mI (1796) app_wifi: ESP GOT IP![0m
[0;32mI (1796) app_main: got ip succeed,event group bit = 1[0m
[0;32mI (1836) wifi:<ba-add>idx:1 (ifx:0, 18:f2:2c:6d:f0:a8), tid:0, ssn:1, winSize:64[0m
[0;32mI (2336) aliot_mqtt: connect to server success[0m
[0;32mI (2366) aliot_mqtt: subscribe success[0m
[0;32mI (2366) app_main: got ip succeed,event group bit = 2[0m
[0;32mI (7366) app_main: now app_light_state is 0[0m
[0;32mI (7366) app_main: after toggle, app_light_state is 1[0m
Guru Meditation Error: Core  0 panic'ed (LoadProhibited). Exception was unhandled.

Core  0 register dump:
PC      : 0x420877bf  PS      : 0x00060630  A0      : 0x82095ee0  A1      : 0x3fcbfa20  
A2      : 0x3fcbf8a4  A3      : 0x00000000  A4      : 0x00000018  A5      : 0xbfe5d509  
A6      : 0x3fcbf8a4  A7      : 0x3fcb70dc  A8      : 0x00060a20  A9      : 0x80000000  
A10     : 0x000003fe  A11     : 0x80000000  A12     : 0x00001800  A13     : 0x3fcbf7c2  
A14     : 0x00000002  A15     : 0x3fcb70dc  SAR     : 0x00000002  EXCCAUSE: 0x0000001c  
EXCVADDR: 0x00060a20  LBEG    : 0x400570e8  LEND    : 0x400570f3  LCOUNT  : 0x00000000  


Backtrace: 0x420877bc:0x3fcbfa20 0x42095edd:0x3fcbfa40 0x4208b4b9:0x3fcbfad0 0x42086539:0x3fcbfdf0 0x4200e739:0x3fcbfeb0 0x4200e87a:0x3fcbff10 0x4200eaf5:0x3fcbff30 0x4200e8d0:0x3fcbff50 0x4200eaf5:0x3fcbff70 0x4200e8d0:0x3fcbff90 0x4200e92d:0x3fcbffb0 0x4200ec74:0x3fcc0000 0x4200ae19:0x3fcc0020 0x4200abce:0x3fcc0040 0x4037d0ad:0x3fcc0060




ELF file SHA256: 7b155e84f

Rebooting...
ï¿½ï¿½ï¿½ESP-ROM:esp32s3-20210327
Build:Mar 27 2021
rst:0xc (RTC_SW_CPU_RST),boot:0x8 (SPI_FAST_FLASH_BOOT)
Saved PC:0x40375aa4
SPIWP:0xee
mode:DIO, clock div:1
load:0x3fce2810,len:0x1870
load:0x403c8700,len:0x4
load:0x403c8704,len:0xce8
load:0x403cb700,len:0x2ed8
entry 0x403c8918
[0;32mI (31) boot: ESP-IDF v5.3.2 2nd stage bootloader[0m
[0;32mI (31) boot: compile time Jul 25 2025 20:09:47[0m
[0;32mI (31) boot: Multicore bootloader[0m
[0;32mI (34) boot: chip revision: v0.2[0m
[0;32mI (38) boot: efuse block revision: v1.3[0m
[0;32mI (43) boot.esp32s3: Boot SPI Speed : 80MHz[0m
[0;32mI (47) boot.esp32s3: SPI Mode       : DIO[0m
[0;32mI (52) boot.esp32s3: SPI Flash Size : 2MB[0m
[0;32mI (57) boot: Enabling RNG early entropy source...[0m
[0;32mI (62) boot: Partition Table:[0m
[0;32mI (66) boot: ## Label            Usage          Type ST Offset   Length[0m
[0;32mI (73) boot:  0 nvs              WiFi data        01 02 00009000 00006000[0m
[0;32mI (81) boot:  1 phy_init         RF data          01 01 0000f000 00001000[0m
[0;32mI (88) boot:  2 factory          factory app      00 00 00010000 00100000[0m
[0;32mI (96) boot: End of partition table[0m
[0;32mI (100) esp_image: segment 0: paddr=00010020 vaddr=3c0b0020 size=1fca4h (130212) map[0m
[0;32mI (131) esp_image: segment 1: paddr=0002fccc vaddr=3fc99d00 size=0034ch (   844) load[0m
[0;32mI (132) esp_image: segment 2: paddr=00030020 vaddr=42000020 size=a2b70h (666480) map[0m
[0;32mI (254) esp_image: segment 3: paddr=000d2b98 vaddr=3fc9a04c size=04650h ( 18000) load[0m
[0;32mI (258) esp_image: segment 4: paddr=000d71f0 vaddr=40374000 size=15c40h ( 89152) load[0m
[0;32mI (288) boot: Loaded app from partition at offset 0x10000[0m
[0;32mI (289) boot: Disabling RNG early entropy source...[0m
[0;32mI (301) cpu_start: Multicore app[0m
[0;32mI (310) cpu_start: Pro cpu start user code[0m
[0;32mI (310) cpu_start: cpu freq: 160000000 Hz[0m
[0;32mI (310) app_init: Application information:[0m
[0;32mI (313) app_init: Project name:     aliot_mqtt[0m
[0;32mI (318) app_init: App version:      1[0m
[0;32mI (322) app_init: Compile time:     Jul 25 2025 20:08:48[0m
[0;32mI (328) app_init: ELF file SHA256:  7b155e84f...[0m
[0;32mI (333) app_init: ESP-IDF:          v5.3.2[0m
[0;32mI (338) efuse_init: Min chip rev:     v0.0[0m
[0;32mI (343) efuse_init: Max chip rev:     v0.99 [0m
[0;32mI (348) efuse_init: Chip rev:         v0.2[0m
[0;32mI (353) heap_init: Initializing. RAM available for dynamic allocation:[0m
[0;32mI (360) heap_init: At 3FCA28C0 len 00046E50 (283 KiB): RAM[0m
[0;32mI (366) heap_init: At 3FCE9710 len 00005724 (21 KiB): RAM[0m
[0;32mI (372) heap_init: At 3FCF0000 len 00008000 (32 KiB): DRAM[0m
[0;32mI (378) heap_init: At 600FE100 len 00001EE8 (7 KiB): RTCRAM[0m
[0;32mI (386) spi_flash: detected chip: generic[0m
[0;32mI (389) spi_flash: flash io: dio[0m
[0;33mW (393) spi_flash: Detected size(16384k) larger than the size in the binary image header(2048k). Using the size in the binary image header.[0m
[0;32mI (407) sleep: Configure to isolate all GPIO pins in sleep state[0m
[0;32mI (413) sleep: Enable automatic switching of GPIO sleep configuration[0m
[0;32mI (421) main_task: Started on CPU0[0m
[0;32mI (441) main_task: Calling app_main()[0m
[0;32mI (441) app_main: create event group succeed![0m
[0;32mI (461) pp: pp rom version: e7ae62f[0m
[0;32mI (461) net80211: net80211 rom version: e7ae62f[0m
[0;32mI (471) wifi:wifi driver task: 3fcaccc8, prio:23, stack:6656, core=0[0m
[0;32mI (481) wifi:wifi firmware version: b0fd6006b[0m
[0;32mI (481) wifi:wifi certification version: v7.0[0m
[0;32mI (481) wifi:config NVS flash: enabled[0m
[0;32mI (481) wifi:config nano formating: disabled[0m
[0;32mI (481) wifi:Init data frame dynamic rx buffer num: 32[0m
[0;32mI (491) wifi:Init static rx mgmt buffer num: 5[0m
[0;32mI (491) wifi:Init management short buffer num: 32[0m
[0;32mI (491) wifi:Init dynamic tx buffer num: 32[0m
[0;32mI (501) wifi:Init static tx FG buffer num: 2[0m
[0;32mI (501) wifi:Init static rx buffer size: 1600[0m
[0;32mI (511) wifi:Init static rx buffer num: 10[0m
[0;32mI (511) wifi:Init dynamic rx buffer num: 32[0m
[0;32mI (511) wifi_init: rx ba win: 6[0m
[0;32mI (521) wifi_init: accept mbox: 6[0m
[0;32mI (521) wifi_init: tcpip mbox: 32[0m
[0;32mI (531) wifi_init: udp mbox: 6[0m
[0;32mI (531) wifi_init: tcp mbox: 6[0m
[0;32mI (531) wifi_init: tcp tx win: 5760[0m
[0;32mI (541) wifi_init: tcp rx win: 5760[0m
[0;32mI (541) wifi_init: tcp mss: 1440[0m
[0;32mI (551) wifi_init: WiFi IRAM OP enabled[0m
[0;32mI (551) wifi_init: WiFi RX IRAM OP enabled[0m
[0;32mI (561) phy_init: phy_version 680,a6008b2,Jun  4 2024,16:41:10[0m
[0;32mI (601) wifi:mode : sta (e8:06:90:98:bd:d4)[0m
[0;32mI (601) wifi:enable tsf[0m
[0;32mI (601) app_wifi: STA START,CONNECTING WIFI![0m
[0;32mI (611) wifi:new:<1,1>, old:<1,0>, ap:<255,255>, sta:<1,1>, prof:1, snd_ch_cfg:0x0[0m
[0;32mI (611) wifi:state: init -> auth (0xb0)[0m
[0;32mI (631) wifi:state: auth -> assoc (0x0)[0m
[0;32mI (641) wifi:state: assoc -> run (0x10)[0m
[0;32mI (661) wifi:<ba-add>idx:0 (ifx:0, 18:f2:2c:6d:f0:a8), tid:5, ssn:0, winSize:64[0m
[0;32mI (751) wifi:connected with 502, aid = 18, channel 1, 40U, bssid = 18:f2:2c:6d:f0:a8[0m
[0;32mI (751) wifi:security: WPA2-PSK, phy: bgn, rssi: -54[0m
[0;32mI (761) wifi:pm start, type: 1[0m

[0;32mI (761) wifi:dp: 1, bi: 102400, li: 3, scale listen interval from 307200 us to 307200 us[0m
[0;32mI (771) wifi:set rx beacon pti, rx_bcn_pti: 0, bcn_timeout: 25000, mt_pti: 0, mt_time: 10000[0m
[0;32mI (771) app_wifi: WIFI CONNECTED![0m
[0;32mI (821) wifi:AP's beacon interval = 102400 us, DTIM period = 1[0m
[0;32mI (1771) esp_netif_handlers: sta ip: 192.168.1.112, mask: 255.255.255.0, gw: 192.168.1.1[0m
[0;32mI (1771) app_wifi: ESP GOT IP![0m
[0;32mI (1771) app_main: got ip succeed,event group bit = 1[0m
[0;32mI (1791) wifi:<ba-add>idx:1 (ifx:0, 18:f2:2c:6d:f0:a8), tid:0, ssn:1, winSize:64[0m
[0;32mI (2471) aliot_mqtt: connect to server success[0m
[0;32mI (2491) aliot_mqtt: subscribe success[0m
[0;32mI (2491) app_main: got ip succeed,event group bit = 2[0m
[0;32mI (7491) app_main: now app_light_state is 0[0m
[0;32mI (7491) app_main: after toggle, app_light_state is 1[0m
[0;32mI (7491) app_main: post message is {
	"id":	"0",
	"version":	"1.0",
	"params":	{
		"LigntSwitch":	0.20681715011596682
	},
	"method":	"thing.event.property.post"
}[0m

***ERROR*** A stack overflow in task mqtt_post_task has been detected.


Backtrace: 0x40375b6a:0x3fcbfe60 0x4037c561:0x3fcbfe80 0x4037d4ae:0x3fcbfea0 0x4037e983:0x3fcbff20 0x4037d574:0x3fcbff40 0x4037d56a:0x3fcbff60




ELF file SHA256: 7b155e84f

Rebooting...
ï¿½ï¿½ï¿½ESP-ROM:esp32s3-20210327
Build:Mar 27 2021
rst:0xc (RTC_SW_CPU_RST),boot:0x8 (SPI_FAST_FLASH_BOOT)
Saved PC:0x40375aa4
SPIWP:0xee
mode:DIO, clock div:1
load:0x3fce2810,len:0x1870
load:0x403c8700,len:0x4
load:0x403c8704,len:0xce8
load:0x403cb700,len:0x2ed8
entry 0x403c8918
[0;32mI (31) boot: ESP-IDF v5.3.2 2nd stage bootloader[0m
[0;32mI (31) boot: compile time Jul 25 2025 20:09:47[0m
[0;32mI (31) boot: Multicore bootloader[0m
[0;32mI (34) boot: chip revision: v0.2[0m
[0;32mI (38) boot: efuse block revision: v1.3[0m
[0;32mI (43) boot.esp32s3: Boot SPI Speed : 80MHz[0m
[0;32mI (47) boot.esp32s3: SPI Mode       : DIO[0m
[0;32mI (52) boot.esp32s3: SPI Flash Size : 2MB[0m
[0;32mI (57) boot: Enabling RNG early entropy source...[0m
[0;32mI (62) boot: Partition Table:[0m
[0;32mI (66) boot: ## Label            Usage          Type ST Offset   Length[0m
[0;32mI (73) boot:  0 nvs              WiFi data        01 02 00009000 00006000[0m
[0;32mI (81) boot:  1 phy_init         RF data          01 01 0000f000 00001000[0m
[0;32mI (88) boot:  2 factory          factory app      00 00 00010000 00100000[0m
[0;32mI (96) boot: End of partition table[0m
[0;32mI (100) esp_image: segment 0: paddr=00010020 vaddr=3c0b0020 size=1fca4h (130212) map[0m
[0;32mI (131) esp_image: segment 1: paddr=0002fccc vaddr=3fc99d00 size=0034ch (   844) load[0m
[0;32mI (132) esp_image: segment 2: paddr=00030020 vaddr=42000020 size=a2b70h (666480) map[0m
[0;32mI (254) esp_image: segment 3: paddr=000d2b98 vaddr=3fc9a04c size=04650h ( 18000) load[0m
[0;32mI (258) esp_image: segment 4: paddr=000d71f0 vaddr=40374000 size=15c40h ( 89152) load[0m
[0;32mI (288) boot: Loaded app from partition at offset 0x10000[0m
[0;32mI (289) boot: Disabling RNG early entropy source...[0m
[0;32mI (301) cpu_start: Multicore app[0m
[0;32mI (310) cpu_start